> Task :app:preBuild UP-TO-DATE
> Task :app:preDebugBuild UP-TO-DATE
> Task :app:mergeDebugNativeDebugMetadata NO-SOURCE
> Task :app:dataBindingMergeDependencyArtifactsDebug UP-TO-DATE
> Task :app:generateDebugResources UP-TO-DATE
> Task :app:mergeDebugResources UP-TO-DATE
> Task :app:packageDebugResources UP-TO-DATE
> Task :app:processDebugNavigationResources UP-TO-DATE
> Task :app:parseDebugLocalResources UP-TO-DATE
> Task :app:dataBindingGenBaseClassesDebug UP-TO-DATE
> Task :app:generateDebugRFile UP-TO-DATE
> Task :app:javaPreCompileDebug UP-TO-DATE
> Task :app:generateDebugAssets UP-TO-DATE
> Task :app:mergeDebugAssets UP-TO-DATE
> Task :app:compressDebugAssets UP-TO-DATE
> Task :app:checkDebugDuplicateClasses UP-TO-DATE
> Task :app:desugarDebugFileDependencies UP-TO-DATE
> Task :app:mergeExtDexDebug UP-TO-DATE
> Task :app:mergeLibDexDebug UP-TO-DATE
> Task :app:checkDebugAarMetadata UP-TO-DATE
> Task :app:compileDebugNavigationResources UP-TO-DATE
> Task :app:mapDebugSourceSetPaths UP-TO-DATE
> Task :app:createDebugCompatibleScreenManifests UP-TO-DATE
> Task :app:extractDeepLinksDebug UP-TO-DATE
> Task :app:processDebugMainManifest UP-TO-DATE
> Task :app:processDebugManifest UP-TO-DATE
> Task :app:processDebugManifestForPackage UP-TO-DATE
> Task :app:processDebugResources UP-TO-DATE
> Task :app:mergeDebugJniLibFolders UP-TO-DATE
> Task :app:mergeDebugNativeLibs NO-SOURCE
> Task :app:stripDebugDebugSymbols NO-SOURCE
> Task :app:validateSigningDebug UP-TO-DATE
> Task :app:writeDebugAppMetadata UP-TO-DATE
> Task :app:writeDebugSigningConfigVersions UP-TO-DATE

> Task :app:compileDebugKotlin FAILED
./gradlew : e: file:///C:/Us
ers/dines/OneDrive/Desktop/F
IXITNOW/app/src/main/java/co
m/simats/fixitnow/TrackTechn
icianActivity.kt:300:5 
'onMapReady' overrides 
nothing.
At line:1 char:1
+ ./gradlew 
:app:assembleDebug > 
build_output.txt 2>&1
+ ~~~~~~~~~~~~~~~~~~~~~~~~~~
~~~~~~~~~~~~~~~~~~~~~~~~~~
    + CategoryInfo          
    : NotSpe    cified: (e: 
file    :///C:/U...rride    
s nothing.:Strin    g) [], 
RemoteExc    eption
    + FullyQualified    
ErrorId : Native    
CommandError
 
e: file:///C:/Users/dines/On
eDrive/Desktop/FIXITNOW/app/
src/main/java/com/simats/fix
itnow/TrackTechnicianActivit
y.kt:300:40 Unresolved 
reference 'GoogleMap'.
e: file:///C:/Users/dines/On
eDrive/Desktop/FIXITNOW/app/
src/main/java/com/simats/fix
itnow/TrackTechnicianActivit
y.kt:301:9 Unresolved 
reference 'mMap'.
e: file:///C:/Users/dines/On
eDrive/Desktop/FIXITNOW/app/
src/main/java/com/simats/fix
itnow/TrackTechnicianActivit
y.kt:304:9 Unresolved 
reference 'mMap'.
e: file:///C:/Users/dines/On
eDrive/Desktop/FIXITNOW/app/
src/main/java/com/simats/fix
itnow/TrackTechnicianActivit
y.kt:311:13 Unresolved 
reference 'mMap'.

FAILURE: Build failed with 
an exception.

* What went wrong:
Execution failed for task 
':app:compileDebugKotlin'.
> A failure occurred while 
executing org.jetbrains.kotl
in.compilerRunner.GradleComp
ilerRunnerWithWorkers$Gradle
KotlinCompilerWorkAction
   > Compilation error. See 
log for more details

* Try:
> Run with --stacktrace 
option to get the stack 
trace.
> Run with --info or 
--debug option to get more 
log output.
> Run with --scan to 
generate a Build Scan 
(powered by Develocity).
> Get more help at 
https://help.gradle.org.

BUILD FAILED in 12s
29 actionable tasks: 1 executed, 28 up-to-date
